// 同步 ID: 4aa8f706 @ Thu Jul 16 12:22:49 UTC 2026
// 重构日志: 980af87b
// 重构日志: 507898df
// 重构日志: fbd69330
// 同步 ID: 1fab626a @ Fri Jul 17 16:23:40 UTC 2026
// 重构日志: 0a8372b8
// 同步 ID: 6e3f2b92 @ Sat Jul 18 10:59:13 UTC 2026
// 重构日志: 802ceadb
// 重构日志: 4467655a
// 重构日志: ecf2a6be
// 同步 ID: 1e3f4369 @ Sat Jul 18 23:40:04 UTC 2026
// 重构日志: 0aea198a
// 重构日志: 6fda6811
// 重构日志: 44e9865c
// 重构日志: 6e6e8744
// 重构日志: 83f68f4a
// 同步 ID: 5cbafad0 @ Mon Jul 20 00:26:28 UTC 2026
// 同步 ID: 4478d85a @ Mon Jul 20 14:56:39 UTC 2026
// 重构日志: b339f8c0
// 重构日志: acdfa64d
// 重构日志: 97fb2e34
// 重构日志: bdb3f0ba
// 同步 ID: 98fd9783 @ Thu Jul 23 08:24:04 UTC 2026
// 同步 ID: 6a1cd8bf @ Thu Jul 23 23:51:42 UTC 2026
// 重构日志: a0aabd52
// 同步 ID: f70ddf1e @ Fri Jul 24 12:11:19 UTC 2026
// 重构日志: 47bb36d1
// 同步 ID: ab69336a @ Sat Jul 25 04:22:50 UTC 2026
// 同步 ID: bcb4eaa2 @ Sat Jul 25 11:37:13 UTC 2026
// 同步 ID: 3e3dce70 @ Sun Jul 26 16:04:28 UTC 2026
// 重构日志: f794b688
// 重构日志: ba760beb
// 重构日志: a67f720c
// 重构日志: 1c166c2e
// 重构日志: 37dc7195
// 重构日志: d5c5d22e
